{
  "serializationFormatVersion": "2023.1",
  "languages": [
    {
      "key": "LionCore-M3",
      "version": "2023.1"
    },
    {
      "key": "LionCore-builtins",
      "version": "2023.1"
    }
  ],
  "nodes": [
    {
      "id": "foo-language",
      "classifier": {
        "language": "LionCore-M3",
        "version": "2023.1",
        "key": "Language"
      },
      "properties": [
        {
          "property": {
            "language": "LionCore-M3",
            "version": "2023.1",
            "key": "Language-version"
          },
          "value": "hello@version"
        },
        {
          "property": {
            "language": "LionCore-M3",
            "version": "2023.1",
            "key": "IKeyed-key"
          },
          "value": "foo-language"
        },
        {
          "property": {
            "language": "LionCore-builtins",
            "version": "2023.1",
            "key": "LionCore-builtins-INamed-name"
          },
          "value": "FooLanguage"
        }
      ],
      "containments": [
        {
          "containment": {
            "language": "LionCore-M3",
            "version": "2023.1",
            "key": "Language-entities"
          },
          "children": [
            "ZGZkMmU2ZTktNTcyMS00OGQ5LTlkZTktMzZiZDU0MzQ1OTUwLzQxMzAzMzkxMjExNzAwNjExMTg"
          ]
        }
      ],
      "references": [
        {
          "reference": {
            "language": "LionCore-M3",
            "version": "2023.1",
            "key": "Language-dependsOn"
          },
          "targets": []
        }
      ],
      "annotations": [],
      "parent": null
    },
    {
      "id": "ZGZkMmU2ZTktNTcyMS00OGQ5LTlkZTktMzZiZDU0MzQ1OTUwLzQxMzAzMzkxMjExNzAwNjExMTg",
      "classifier": {
        "language": "LionCore-M3",
        "version": "2023.1",
        "key": "Concept"
      },
      "properties": [
        {
          "property": {
            "language": "LionCore-M3",
            "version": "2023.1",
            "key": "Concept-abstract"
          },
          "value": "false"
        },
        {
          "property": {
            "language": "LionCore-M3",
            "version": "2023.1",
            "key": "Concept-partition"
          },
          "value": "false"
        },
        {
          "property": {
            "language": "LionCore-M3",
            "version": "2023.1",
            "key": "IKeyed-key"
          },
          "value": "ZGZkMmU2ZTktNTcyMS00OGQ5LTlkZTktMzZiZDU0MzQ1OTUwLzQxMzAzMzkxMjExNzAwNjExMTg"
        },
        {
          "property": {
            "language": "LionCore-builtins",
            "version": "2023.1",
            "key": "LionCore-builtins-INamed-name"
          },
          "value": "Bar"
        }
      ],
      "containments": [
        {
          "containment": {
            "language": "LionCore-M3",
            "version": "2023.1",
            "key": "Classifier-features"
          },
          "children": []
        }
      ],
      "references": [
        {
          "reference": {
            "language": "LionCore-M3",
            "version": "2023.1",
            "key": "Concept-extends"
          },
          "targets": [
            {
              "resolveInfo": "Node",
              "reference": "LionCore-builtins-Node"
            }
          ]
        },
        {
          "reference": {
            "language": "LionCore-M3",
            "version": "2023.1",
            "key": "Concept-implements"
          },
          "targets": []
        }
      ],
      "annotations": [],
      "parent": "foo-language"
    }
  ]
}