{
  "serializationFormatVersion": "2023.1",
  "languages": [
    {
      "key": "LionCore-M3",
      "version": "2023.1"
    },
    {
      "key": "LionCore-builtins",
      "version": "2023.1"
    }
  ],
  "nodes": [
    {
      "id": "NTM3ZjljYjAtMGYyNS0zYzc2LThiODYtMzA4ZjQ1MDEwMTAw",
      "classifier": {
        "language": "LionCore-M3",
        "version": "2023.1",
        "key": "Language"
      },
      "properties": [
        {
          "property": {
            "language": "LionCore-M3",
            "version": "2023.1",
            "key": "Language-version"
          },
          "value": "0"
        },
        {
          "property": {
            "language": "LionCore-M3",
            "version": "2023.1",
            "key": "IKeyed-key"
          },
          "value": "NTM3ZjljYjAtMGYyNS0zYzc2LThiODYtMzA4ZjQ1MDEwMTAw"
        },
        {
          "property": {
            "language": "LionCore-builtins",
            "version": "2023.1",
            "key": "LionCore-builtins-INamed-name"
          },
          "value": "library"
        }
      ],
      "containments": [
        {
          "containment": {
            "language": "LionCore-M3",
            "version": "2023.1",
            "key": "Language-entities"
          },
          "children": [
            "NTM3ZjljYjAtMGYyNS0zYzc2LThiODYtMzA4ZjQ1MDEwMTAwLy0yNTg2Mzk4OTU5MDM1MjUwMjYx",
            "NTM3ZjljYjAtMGYyNS0zYzc2LThiODYtMzA4ZjQ1MDEwMTAwLzU1ODIwOTMzOTQ1NTE3NDM0MTc",
            "NTM3ZjljYjAtMGYyNS0zYzc2LThiODYtMzA4ZjQ1MDEwMTAwLzg2OTkxNDExNTA2MzkyMDA3NzE",
            "NTM3ZjljYjAtMGYyNS0zYzc2LThiODYtMzA4ZjQ1MDEwMTAwLy02MTY0NzkwMTUxMTcxMTQxMzE5",
            "NTM3ZjljYjAtMGYyNS0zYzc2LThiODYtMzA4ZjQ1MDEwMTAwLy02MzA4OTk2OTY0NjI5MTg1MTYz"
          ]
        }
      ],
      "references": [
        {
          "reference": {
            "language": "LionCore-M3",
            "version": "2023.1",
            "key": "Language-dependsOn"
          },
          "targets": []
        }
      ],
      "annotations": [],
      "parent": null
    },
    {
      "id": "NTM3ZjljYjAtMGYyNS0zYzc2LThiODYtMzA4ZjQ1MDEwMTAwLy0yNTg2Mzk4OTU5MDM1MjUwMjYx",
      "classifier": {
        "language": "LionCore-M3",
        "version": "2023.1",
        "key": "Concept"
      },
      "properties": [
        {
          "property": {
            "language": "LionCore-M3",
            "version": "2023.1",
            "key": "Concept-abstract"
          },
          "value": "false"
        },
        {
          "property": {
            "language": "LionCore-M3",
            "version": "2023.1",
            "key": "Concept-partition"
          },
          "value": "false"
        },
        {
          "property": {
            "language": "LionCore-M3",
            "version": "2023.1",
            "key": "IKeyed-key"
          },
          "value": "NTM3ZjljYjAtMGYyNS0zYzc2LThiODYtMzA4ZjQ1MDEwMTAwLy0yNTg2Mzk4OTU5MDM1MjUwMjYx"
        },
        {
          "property": {
            "language": "LionCore-builtins",
            "version": "2023.1",
            "key": "LionCore-builtins-INamed-name"
          },
          "value": "Book"
        }
      ],
      "containments": [
        {
          "containment": {
            "language": "LionCore-M3",
            "version": "2023.1",
            "key": "Classifier-features"
          },
          "children": [
            "NTM3ZjljYjAtMGYyNS0zYzc2LThiODYtMzA4ZjQ1MDEwMTAwLy0yNTg2Mzk4OTU5MDM1MjUwMjYxLy02NDc2MDE3NTAyOTM2MDY4MTk5",
            "NTM3ZjljYjAtMGYyNS0zYzc2LThiODYtMzA4ZjQ1MDEwMTAwLy0yNTg2Mzk4OTU5MDM1MjUwMjYxLy00Mzg2MTUwNjczNDI5OTQ5NTUy",
            "NTM3ZjljYjAtMGYyNS0zYzc2LThiODYtMzA4ZjQ1MDEwMTAwLy0yNTg2Mzk4OTU5MDM1MjUwMjYxLzI3MDkyODE3OTA0MDA0MDk2OTQ"
          ]
        }
      ],
      "references": [
        {
          "reference": {
            "language": "LionCore-M3",
            "version": "2023.1",
            "key": "Concept-extends"
          },
          "targets": [
            {
              "resolveInfo": "Node",
              "reference": "LionCore-builtins-Node"
            }
          ]
        },
        {
          "reference": {
            "language": "LionCore-M3",
            "version": "2023.1",
            "key": "Concept-implements"
          },
          "targets": []
        }
      ],
      "annotations": [],
      "parent": "NTM3ZjljYjAtMGYyNS0zYzc2LThiODYtMzA4ZjQ1MDEwMTAw"
    },
    {
      "id": "NTM3ZjljYjAtMGYyNS0zYzc2LThiODYtMzA4ZjQ1MDEwMTAwLy0yNTg2Mzk4OTU5MDM1MjUwMjYxLy02NDc2MDE3NTAyOTM2MDY4MTk5",
      "classifier": {
        "language": "LionCore-M3",
        "version": "2023.1",
        "key": "Property"
      },
      "properties": [
        {
          "property": {
            "language": "LionCore-M3",
            "version": "2023.1",
            "key": "Feature-optional"
          },
          "value": "true"
        },
        {
          "property": {
            "language": "LionCore-M3",
            "version": "2023.1",
            "key": "IKeyed-key"
          },
          "value": "NTM3ZjljYjAtMGYyNS0zYzc2LThiODYtMzA4ZjQ1MDEwMTAwLy0yNTg2Mzk4OTU5MDM1MjUwMjYxLy02NDc2MDE3NTAyOTM2MDY4MTk5"
        },
        {
          "property": {
            "language": "LionCore-builtins",
            "version": "2023.1",
            "key": "LionCore-builtins-INamed-name"
          },
          "value": "title"
        }
      ],
      "containments": [],
      "references": [
        {
          "reference": {
            "language": "LionCore-M3",
            "version": "2023.1",
            "key": "Property-type"
          },
          "targets": [
            {
              "resolveInfo": "String",
              "reference": "LionCore-builtins-String"
            }
          ]
        }
      ],
      "annotations": [],
      "parent": "NTM3ZjljYjAtMGYyNS0zYzc2LThiODYtMzA4ZjQ1MDEwMTAwLy0yNTg2Mzk4OTU5MDM1MjUwMjYx"
    },
    {
      "id": "NTM3ZjljYjAtMGYyNS0zYzc2LThiODYtMzA4ZjQ1MDEwMTAwLy0yNTg2Mzk4OTU5MDM1MjUwMjYxLy00Mzg2MTUwNjczNDI5OTQ5NTUy",
      "classifier": {
        "language": "LionCore-M3",
        "version": "2023.1",
        "key": "Property"
      },
      "properties": [
        {
          "property": {
            "language": "LionCore-M3",
            "version": "2023.1",
            "key": "Feature-optional"
          },
          "value": "true"
        },
        {
          "property": {
            "language": "LionCore-M3",
            "version": "2023.1",
            "key": "IKeyed-key"
          },
          "value": "NTM3ZjljYjAtMGYyNS0zYzc2LThiODYtMzA4ZjQ1MDEwMTAwLy0yNTg2Mzk4OTU5MDM1MjUwMjYxLy00Mzg2MTUwNjczNDI5OTQ5NTUy"
        },
        {
          "property": {
            "language": "LionCore-builtins",
            "version": "2023.1",
            "key": "LionCore-builtins-INamed-name"
          },
          "value": "pages"
        }
      ],
      "containments": [],
      "references": [
        {
          "reference": {
            "language": "LionCore-M3",
            "version": "2023.1",
            "key": "Property-type"
          },
          "targets": [
            {
              "resolveInfo": "Integer",
              "reference": "LionCore-builtins-Integer"
            }
          ]
        }
      ],
      "annotations": [],
      "parent": "NTM3ZjljYjAtMGYyNS0zYzc2LThiODYtMzA4ZjQ1MDEwMTAwLy0yNTg2Mzk4OTU5MDM1MjUwMjYx"
    },
    {
      "id": "NTM3ZjljYjAtMGYyNS0zYzc2LThiODYtMzA4ZjQ1MDEwMTAwLy0yNTg2Mzk4OTU5MDM1MjUwMjYxLzI3MDkyODE3OTA0MDA0MDk2OTQ",
      "classifier": {
        "language": "LionCore-M3",
        "version": "2023.1",
        "key": "Reference"
      },
      "properties": [
        {
          "property": {
            "language": "LionCore-M3",
            "version": "2023.1",
            "key": "Link-multiple"
          },
          "value": "false"
        },
        {
          "property": {
            "language": "LionCore-M3",
            "version": "2023.1",
            "key": "Feature-optional"
          },
          "value": "false"
        },
        {
          "property": {
            "language": "LionCore-M3",
            "version": "2023.1",
            "key": "IKeyed-key"
          },
          "value": "NTM3ZjljYjAtMGYyNS0zYzc2LThiODYtMzA4ZjQ1MDEwMTAwLy0yNTg2Mzk4OTU5MDM1MjUwMjYxLzI3MDkyODE3OTA0MDA0MDk2OTQ"
        },
        {
          "property": {
            "language": "LionCore-builtins",
            "version": "2023.1",
            "key": "LionCore-builtins-INamed-name"
          },
          "value": "author"
        }
      ],
      "containments": [],
      "references": [
        {
          "reference": {
            "language": "LionCore-M3",
            "version": "2023.1",
            "key": "Link-type"
          },
          "targets": [
            {
              "resolveInfo": "Writer",
              "reference": "NTM3ZjljYjAtMGYyNS0zYzc2LThiODYtMzA4ZjQ1MDEwMTAwLy02MzA4OTk2OTY0NjI5MTg1MTYz"
            }
          ]
        }
      ],
      "annotations": [],
      "parent": "NTM3ZjljYjAtMGYyNS0zYzc2LThiODYtMzA4ZjQ1MDEwMTAwLy0yNTg2Mzk4OTU5MDM1MjUwMjYx"
    },
    {
      "id": "NTM3ZjljYjAtMGYyNS0zYzc2LThiODYtMzA4ZjQ1MDEwMTAwLzU1ODIwOTMzOTQ1NTE3NDM0MTc",
      "classifier": {
        "language": "LionCore-M3",
        "version": "2023.1",
        "key": "Concept"
      },
      "properties": [
        {
          "property": {
            "language": "LionCore-M3",
            "version": "2023.1",
            "key": "Concept-abstract"
          },
          "value": "false"
        },
        {
          "property": {
            "language": "LionCore-M3",
            "version": "2023.1",
            "key": "Concept-partition"
          },
          "value": "false"
        },
        {
          "property": {
            "language": "LionCore-M3",
            "version": "2023.1",
            "key": "IKeyed-key"
          },
          "value": "NTM3ZjljYjAtMGYyNS0zYzc2LThiODYtMzA4ZjQ1MDEwMTAwLzU1ODIwOTMzOTQ1NTE3NDM0MTc"
        },
        {
          "property": {
            "language": "LionCore-builtins",
            "version": "2023.1",
            "key": "LionCore-builtins-INamed-name"
          },
          "value": "GuideBookWriter"
        }
      ],
      "containments": [
        {
          "containment": {
            "language": "LionCore-M3",
            "version": "2023.1",
            "key": "Classifier-features"
          },
          "children": [
            "NTM3ZjljYjAtMGYyNS0zYzc2LThiODYtMzA4ZjQ1MDEwMTAwLzU1ODIwOTMzOTQ1NTE3NDM0MTcvLTQ0MDQ1Mzk3MTU3MTg0MzkyNjM"
          ]
        }
      ],
      "references": [
        {
          "reference": {
            "language": "LionCore-M3",
            "version": "2023.1",
            "key": "Concept-extends"
          },
          "targets": [
            {
              "resolveInfo": "Writer",
              "reference": "NTM3ZjljYjAtMGYyNS0zYzc2LThiODYtMzA4ZjQ1MDEwMTAwLy02MzA4OTk2OTY0NjI5MTg1MTYz"
            }
          ]
        },
        {
          "reference": {
            "language": "LionCore-M3",
            "version": "2023.1",
            "key": "Concept-implements"
          },
          "targets": []
        }
      ],
      "annotations": [],
      "parent": "NTM3ZjljYjAtMGYyNS0zYzc2LThiODYtMzA4ZjQ1MDEwMTAw"
    },
    {
      "id": "NTM3ZjljYjAtMGYyNS0zYzc2LThiODYtMzA4ZjQ1MDEwMTAwLzU1ODIwOTMzOTQ1NTE3NDM0MTcvLTQ0MDQ1Mzk3MTU3MTg0MzkyNjM",
      "classifier": {
        "language": "LionCore-M3",
        "version": "2023.1",
        "key": "Property"
      },
      "properties": [
        {
          "property": {
            "language": "LionCore-M3",
            "version": "2023.1",
            "key": "Feature-optional"
          },
          "value": "true"
        },
        {
          "property": {
            "language": "LionCore-M3",
            "version": "2023.1",
            "key": "IKeyed-key"
          },
          "value": "NTM3ZjljYjAtMGYyNS0zYzc2LThiODYtMzA4ZjQ1MDEwMTAwLzU1ODIwOTMzOTQ1NTE3NDM0MTcvLTQ0MDQ1Mzk3MTU3MTg0MzkyNjM"
        },
        {
          "property": {
            "language": "LionCore-builtins",
            "version": "2023.1",
            "key": "LionCore-builtins-INamed-name"
          },
          "value": "countries"
        }
      ],
      "containments": [],
      "references": [
        {
          "reference": {
            "language": "LionCore-M3",
            "version": "2023.1",
            "key": "Property-type"
          },
          "targets": [
            {
              "resolveInfo": "String",
              "reference": "LionCore-builtins-String"
            }
          ]
        }
      ],
      "annotations": [],
      "parent": "NTM3ZjljYjAtMGYyNS0zYzc2LThiODYtMzA4ZjQ1MDEwMTAwLzU1ODIwOTMzOTQ1NTE3NDM0MTc"
    },
    {
      "id": "NTM3ZjljYjAtMGYyNS0zYzc2LThiODYtMzA4ZjQ1MDEwMTAwLzg2OTkxNDExNTA2MzkyMDA3NzE",
      "classifier": {
        "language": "LionCore-M3",
        "version": "2023.1",
        "key": "Concept"
      },
      "properties": [
        {
          "property": {
            "language": "LionCore-M3",
            "version": "2023.1",
            "key": "Concept-abstract"
          },
          "value": "false"
        },
        {
          "property": {
            "language": "LionCore-M3",
            "version": "2023.1",
            "key": "Concept-partition"
          },
          "value": "false"
        },
        {
          "property": {
            "language": "LionCore-M3",
            "version": "2023.1",
            "key": "IKeyed-key"
          },
          "value": "NTM3ZjljYjAtMGYyNS0zYzc2LThiODYtMzA4ZjQ1MDEwMTAwLzg2OTkxNDExNTA2MzkyMDA3NzE"
        },
        {
          "property": {
            "language": "LionCore-builtins",
            "version": "2023.1",
            "key": "LionCore-builtins-INamed-name"
          },
          "value": "Library"
        }
      ],
      "containments": [
        {
          "containment": {
            "language": "LionCore-M3",
            "version": "2023.1",
            "key": "Classifier-features"
          },
          "children": [
            "NTM3ZjljYjAtMGYyNS0zYzc2LThiODYtMzA4ZjQ1MDEwMTAwLzg2OTkxNDExNTA2MzkyMDA3NzEvMTY2MzE2NjUzNTM4OTU1NjUwNw",
            "NTM3ZjljYjAtMGYyNS0zYzc2LThiODYtMzA4ZjQ1MDEwMTAwLzg2OTkxNDExNTA2MzkyMDA3NzEvLTYzOTI0NjgyNTk0NDA3MjQ1MzE"
          ]
        }
      ],
      "references": [
        {
          "reference": {
            "language": "LionCore-M3",
            "version": "2023.1",
            "key": "Concept-extends"
          },
          "targets": [
            {
              "resolveInfo": "Node",
              "reference": "LionCore-builtins-Node"
            }
          ]
        },
        {
          "reference": {
            "language": "LionCore-M3",
            "version": "2023.1",
            "key": "Concept-implements"
          },
          "targets": []
        }
      ],
      "annotations": [],
      "parent": "NTM3ZjljYjAtMGYyNS0zYzc2LThiODYtMzA4ZjQ1MDEwMTAw"
    },
    {
      "id": "NTM3ZjljYjAtMGYyNS0zYzc2LThiODYtMzA4ZjQ1MDEwMTAwLzg2OTkxNDExNTA2MzkyMDA3NzEvMTY2MzE2NjUzNTM4OTU1NjUwNw",
      "classifier": {
        "language": "LionCore-M3",
        "version": "2023.1",
        "key": "Property"
      },
      "properties": [
        {
          "property": {
            "language": "LionCore-M3",
            "version": "2023.1",
            "key": "Feature-optional"
          },
          "value": "true"
        },
        {
          "property": {
            "language": "LionCore-M3",
            "version": "2023.1",
            "key": "IKeyed-key"
          },
          "value": "NTM3ZjljYjAtMGYyNS0zYzc2LThiODYtMzA4ZjQ1MDEwMTAwLzg2OTkxNDExNTA2MzkyMDA3NzEvMTY2MzE2NjUzNTM4OTU1NjUwNw"
        },
        {
          "property": {
            "language": "LionCore-builtins",
            "version": "2023.1",
            "key": "LionCore-builtins-INamed-name"
          },
          "value": "name"
        }
      ],
      "containments": [],
      "references": [
        {
          "reference": {
            "language": "LionCore-M3",
            "version": "2023.1",
            "key": "Property-type"
          },
          "targets": [
            {
              "resolveInfo": "String",
              "reference": "LionCore-builtins-String"
            }
          ]
        }
      ],
      "annotations": [],
      "parent": "NTM3ZjljYjAtMGYyNS0zYzc2LThiODYtMzA4ZjQ1MDEwMTAwLzg2OTkxNDExNTA2MzkyMDA3NzE"
    },
    {
      "id": "NTM3ZjljYjAtMGYyNS0zYzc2LThiODYtMzA4ZjQ1MDEwMTAwLzg2OTkxNDExNTA2MzkyMDA3NzEvLTYzOTI0NjgyNTk0NDA3MjQ1MzE",
      "classifier": {
        "language": "LionCore-M3",
        "version": "2023.1",
        "key": "Containment"
      },
      "properties": [
        {
          "property": {
            "language": "LionCore-M3",
            "version": "2023.1",
            "key": "Link-multiple"
          },
          "value": "true"
        },
        {
          "property": {
            "language": "LionCore-M3",
            "version": "2023.1",
            "key": "Feature-optional"
          },
          "value": "false"
        },
        {
          "property": {
            "language": "LionCore-M3",
            "version": "2023.1",
            "key": "IKeyed-key"
          },
          "value": "NTM3ZjljYjAtMGYyNS0zYzc2LThiODYtMzA4ZjQ1MDEwMTAwLzg2OTkxNDExNTA2MzkyMDA3NzEvLTYzOTI0NjgyNTk0NDA3MjQ1MzE"
        },
        {
          "property": {
            "language": "LionCore-builtins",
            "version": "2023.1",
            "key": "LionCore-builtins-INamed-name"
          },
          "value": "books"
        }
      ],
      "containments": [],
      "references": [
        {
          "reference": {
            "language": "LionCore-M3",
            "version": "2023.1",
            "key": "Link-type"
          },
          "targets": [
            {
              "resolveInfo": "Book",
              "reference": "NTM3ZjljYjAtMGYyNS0zYzc2LThiODYtMzA4ZjQ1MDEwMTAwLy0yNTg2Mzk4OTU5MDM1MjUwMjYx"
            }
          ]
        }
      ],
      "annotations": [],
      "parent": "NTM3ZjljYjAtMGYyNS0zYzc2LThiODYtMzA4ZjQ1MDEwMTAwLzg2OTkxNDExNTA2MzkyMDA3NzE"
    },
    {
      "id": "NTM3ZjljYjAtMGYyNS0zYzc2LThiODYtMzA4ZjQ1MDEwMTAwLy02MTY0NzkwMTUxMTcxMTQxMzE5",
      "classifier": {
        "language": "LionCore-M3",
        "version": "2023.1",
        "key": "Concept"
      },
      "properties": [
        {
          "property": {
            "language": "LionCore-M3",
            "version": "2023.1",
            "key": "Concept-abstract"
          },
          "value": "false"
        },
        {
          "property": {
            "language": "LionCore-M3",
            "version": "2023.1",
            "key": "Concept-partition"
          },
          "value": "false"
        },
        {
          "property": {
            "language": "LionCore-M3",
            "version": "2023.1",
            "key": "IKeyed-key"
          },
          "value": "NTM3ZjljYjAtMGYyNS0zYzc2LThiODYtMzA4ZjQ1MDEwMTAwLy02MTY0NzkwMTUxMTcxMTQxMzE5"
        },
        {
          "property": {
            "language": "LionCore-builtins",
            "version": "2023.1",
            "key": "LionCore-builtins-INamed-name"
          },
          "value": "SpecialistBookWriter"
        }
      ],
      "containments": [
        {
          "containment": {
            "language": "LionCore-M3",
            "version": "2023.1",
            "key": "Classifier-features"
          },
          "children": [
            "NTM3ZjljYjAtMGYyNS0zYzc2LThiODYtMzA4ZjQ1MDEwMTAwLy02MTY0NzkwMTUxMTcxMTQxMzE5Ly0xMDU4NzUxMzAyMDYwOTg0NjEy"
          ]
        }
      ],
      "references": [
        {
          "reference": {
            "language": "LionCore-M3",
            "version": "2023.1",
            "key": "Concept-extends"
          },
          "targets": [
            {
              "resolveInfo": "Writer",
              "reference": "NTM3ZjljYjAtMGYyNS0zYzc2LThiODYtMzA4ZjQ1MDEwMTAwLy02MzA4OTk2OTY0NjI5MTg1MTYz"
            }
          ]
        },
        {
          "reference": {
            "language": "LionCore-M3",
            "version": "2023.1",
            "key": "Concept-implements"
          },
          "targets": []
        }
      ],
      "annotations": [],
      "parent": "NTM3ZjljYjAtMGYyNS0zYzc2LThiODYtMzA4ZjQ1MDEwMTAw"
    },
    {
      "id": "NTM3ZjljYjAtMGYyNS0zYzc2LThiODYtMzA4ZjQ1MDEwMTAwLy02MTY0NzkwMTUxMTcxMTQxMzE5Ly0xMDU4NzUxMzAyMDYwOTg0NjEy",
      "classifier": {
        "language": "LionCore-M3",
        "version": "2023.1",
        "key": "Property"
      },
      "properties": [
        {
          "property": {
            "language": "LionCore-M3",
            "version": "2023.1",
            "key": "Feature-optional"
          },
          "value": "true"
        },
        {
          "property": {
            "language": "LionCore-M3",
            "version": "2023.1",
            "key": "IKeyed-key"
          },
          "value": "NTM3ZjljYjAtMGYyNS0zYzc2LThiODYtMzA4ZjQ1MDEwMTAwLy02MTY0NzkwMTUxMTcxMTQxMzE5Ly0xMDU4NzUxMzAyMDYwOTg0NjEy"
        },
        {
          "property": {
            "language": "LionCore-builtins",
            "version": "2023.1",
            "key": "LionCore-builtins-INamed-name"
          },
          "value": "subject"
        }
      ],
      "containments": [],
      "references": [
        {
          "reference": {
            "language": "LionCore-M3",
            "version": "2023.1",
            "key": "Property-type"
          },
          "targets": [
            {
              "resolveInfo": "String",
              "reference": "LionCore-builtins-String"
            }
          ]
        }
      ],
      "annotations": [],
      "parent": "NTM3ZjljYjAtMGYyNS0zYzc2LThiODYtMzA4ZjQ1MDEwMTAwLy02MTY0NzkwMTUxMTcxMTQxMzE5"
    },
    {
      "id": "NTM3ZjljYjAtMGYyNS0zYzc2LThiODYtMzA4ZjQ1MDEwMTAwLy02MzA4OTk2OTY0NjI5MTg1MTYz",
      "classifier": {
        "language": "LionCore-M3",
        "version": "2023.1",
        "key": "Concept"
      },
      "properties": [
        {
          "property": {
            "language": "LionCore-M3",
            "version": "2023.1",
            "key": "Concept-abstract"
          },
          "value": "false"
        },
        {
          "property": {
            "language": "LionCore-M3",
            "version": "2023.1",
            "key": "Concept-partition"
          },
          "value": "false"
        },
        {
          "property": {
            "language": "LionCore-M3",
            "version": "2023.1",
            "key": "IKeyed-key"
          },
          "value": "NTM3ZjljYjAtMGYyNS0zYzc2LThiODYtMzA4ZjQ1MDEwMTAwLy02MzA4OTk2OTY0NjI5MTg1MTYz"
        },
        {
          "property": {
            "language": "LionCore-builtins",
            "version": "2023.1",
            "key": "LionCore-builtins-INamed-name"
          },
          "value": "Writer"
        }
      ],
      "containments": [
        {
          "containment": {
            "language": "LionCore-M3",
            "version": "2023.1",
            "key": "Classifier-features"
          },
          "children": [
            "NTM3ZjljYjAtMGYyNS0zYzc2LThiODYtMzA4ZjQ1MDEwMTAwLy02MzA4OTk2OTY0NjI5MTg1MTYzLzY0Njg3ODM4NDUzODY0MzUxNjY"
          ]
        }
      ],
      "references": [
        {
          "reference": {
            "language": "LionCore-M3",
            "version": "2023.1",
            "key": "Concept-extends"
          },
          "targets": [
            {
              "resolveInfo": "Node",
              "reference": "LionCore-builtins-Node"
            }
          ]
        },
        {
          "reference": {
            "language": "LionCore-M3",
            "version": "2023.1",
            "key": "Concept-implements"
          },
          "targets": []
        }
      ],
      "annotations": [],
      "parent": "NTM3ZjljYjAtMGYyNS0zYzc2LThiODYtMzA4ZjQ1MDEwMTAw"
    },
    {
      "id": "NTM3ZjljYjAtMGYyNS0zYzc2LThiODYtMzA4ZjQ1MDEwMTAwLy02MzA4OTk2OTY0NjI5MTg1MTYzLzY0Njg3ODM4NDUzODY0MzUxNjY",
      "classifier": {
        "language": "LionCore-M3",
        "version": "2023.1",
        "key": "Property"
      },
      "properties": [
        {
          "property": {
            "language": "LionCore-M3",
            "version": "2023.1",
            "key": "Feature-optional"
          },
          "value": "true"
        },
        {
          "property": {
            "language": "LionCore-M3",
            "version": "2023.1",
            "key": "IKeyed-key"
          },
          "value": "NTM3ZjljYjAtMGYyNS0zYzc2LThiODYtMzA4ZjQ1MDEwMTAwLy02MzA4OTk2OTY0NjI5MTg1MTYzLzY0Njg3ODM4NDUzODY0MzUxNjY"
        },
        {
          "property": {
            "language": "LionCore-builtins",
            "version": "2023.1",
            "key": "LionCore-builtins-INamed-name"
          },
          "value": "name"
        }
      ],
      "containments": [],
      "references": [
        {
          "reference": {
            "language": "LionCore-M3",
            "version": "2023.1",
            "key": "Property-type"
          },
          "targets": [
            {
              "resolveInfo": "String",
              "reference": "LionCore-builtins-String"
            }
          ]
        }
      ],
      "annotations": [],
      "parent": "NTM3ZjljYjAtMGYyNS0zYzc2LThiODYtMzA4ZjQ1MDEwMTAwLy02MzA4OTk2OTY0NjI5MTg1MTYz"
    }
  ]
}