{
  "serializationFormatVersion": "2023.1",
  "languages": [
    {
      "key": "LionCore-M3",
      "version": "2023.1"
    },
    {
      "key": "LionCore-builtins",
      "version": "2023.1"
    }
  ],
  "nodes": [
    {
      "id": "DependsOnMpsExtensions-lang",
      "classifier": {
        "language": "LionCore-M3",
        "version": "2023.1",
        "key": "Language"
      },
      "properties": [
        {
          "property": {
            "language": "LionCore-M3",
            "version": "2023.1",
            "key": "Language-version"
          },
          "value": "0"
        },
        {
          "property": {
            "language": "LionCore-M3",
            "version": "2023.1",
            "key": "IKeyed-key"
          },
          "value": "DependsOnMpsExtensions-lang"
        },
        {
          "property": {
            "language": "LionCore-builtins",
            "version": "2023.1",
            "key": "LionCore-builtins-INamed-name"
          },
          "value": "DependsOnMpsExtensions"
        }
      ],
      "containments": [
        {
          "containment": {
            "language": "LionCore-M3",
            "version": "2023.1",
            "key": "Language-entities"
          },
          "children": [
            "MjA1YTQxNWItMzMxYi00MDY2LWFiMjItY2Y3ZjNmOTA4ZjM2LzE4NzQ4NTU2NTY4MzM1MTc5NjU"
          ]
        }
      ],
      "references": [
        {
          "reference": {
            "language": "LionCore-M3",
            "version": "2023.1",
            "key": "Language-dependsOn"
          },
          "targets": [
            {
              "resolveInfo": "de.slisson.mps.richtext",
              "reference": "OTJkMmVhMTYtNWE0Mi00ZmRmLWE2NzYtYzc2MDRlZmUzNTA0"
            }
          ]
        }
      ],
      "annotations": [],
      "parent": null
    },
    {
      "id": "MjA1YTQxNWItMzMxYi00MDY2LWFiMjItY2Y3ZjNmOTA4ZjM2LzE4NzQ4NTU2NTY4MzM1MTc5NjU",
      "classifier": {
        "language": "LionCore-M3",
        "version": "2023.1",
        "key": "Concept"
      },
      "properties": [
        {
          "property": {
            "language": "LionCore-M3",
            "version": "2023.1",
            "key": "Concept-abstract"
          },
          "value": "false"
        },
        {
          "property": {
            "language": "LionCore-M3",
            "version": "2023.1",
            "key": "Concept-partition"
          },
          "value": "false"
        },
        {
          "property": {
            "language": "LionCore-M3",
            "version": "2023.1",
            "key": "IKeyed-key"
          },
          "value": "MjA1YTQxNWItMzMxYi00MDY2LWFiMjItY2Y3ZjNmOTA4ZjM2LzE4NzQ4NTU2NTY4MzM1MTc5NjU"
        },
        {
          "property": {
            "language": "LionCore-builtins",
            "version": "2023.1",
            "key": "LionCore-builtins-INamed-name"
          },
          "value": "SomethingDifferent"
        }
      ],
      "containments": [
        {
          "containment": {
            "language": "LionCore-M3",
            "version": "2023.1",
            "key": "Classifier-features"
          },
          "children": []
        }
      ],
      "references": [
        {
          "reference": {
            "language": "LionCore-M3",
            "version": "2023.1",
            "key": "Concept-extends"
          },
          "targets": [
            {
              "resolveInfo": "Node",
              "reference": "LionCore-builtins-Node"
            }
          ]
        },
        {
          "reference": {
            "language": "LionCore-M3",
            "version": "2023.1",
            "key": "Concept-implements"
          },
          "targets": [
            {
              "resolveInfo": "IWord",
              "reference": "OTJkMmVhMTYtNWE0Mi00ZmRmLWE2NzYtYzc2MDRlZmUzNTA0LzI1NTcwNzQ0NDI5MjIzOTIzMDA"
            }
          ]
        }
      ],
      "annotations": [],
      "parent": "DependsOnMpsExtensions-lang"
    },
    {
      "id": "OTJkMmVhMTYtNWE0Mi00ZmRmLWE2NzYtYzc2MDRlZmUzNTA0",
      "classifier": {
        "language": "LionCore-M3",
        "version": "2023.1",
        "key": "Language"
      },
      "properties": [
        {
          "property": {
            "language": "LionCore-M3",
            "version": "2023.1",
            "key": "Language-version"
          },
          "value": "0"
        },
        {
          "property": {
            "language": "LionCore-M3",
            "version": "2023.1",
            "key": "IKeyed-key"
          },
          "value": "OTJkMmVhMTYtNWE0Mi00ZmRmLWE2NzYtYzc2MDRlZmUzNTA0"
        },
        {
          "property": {
            "language": "LionCore-builtins",
            "version": "2023.1",
            "key": "LionCore-builtins-INamed-name"
          },
          "value": "de.slisson.mps.richtext"
        }
      ],
      "containments": [
        {
          "containment": {
            "language": "LionCore-M3",
            "version": "2023.1",
            "key": "Language-entities"
          },
          "children": [
            "OTJkMmVhMTYtNWE0Mi00ZmRmLWE2NzYtYzc2MDRlZmUzNTA0LzI1NTcwNzQ0NDI5MjIzOTIzMDA"
          ]
        }
      ],
      "references": [
        {
          "reference": {
            "language": "LionCore-M3",
            "version": "2023.1",
            "key": "Language-dependsOn"
          },
          "targets": []
        }
      ],
      "annotations": [],
      "parent": null
    },
    {
      "id": "OTJkMmVhMTYtNWE0Mi00ZmRmLWE2NzYtYzc2MDRlZmUzNTA0LzI1NTcwNzQ0NDI5MjIzOTIzMDA",
      "classifier": {
        "language": "LionCore-M3",
        "version": "2023.1",
        "key": "Interface"
      },
      "properties": [
        {
          "property": {
            "language": "LionCore-M3",
            "version": "2023.1",
            "key": "IKeyed-key"
          },
          "value": "OTJkMmVhMTYtNWE0Mi00ZmRmLWE2NzYtYzc2MDRlZmUzNTA0LzI1NTcwNzQ0NDI5MjIzOTIzMDA"
        },
        {
          "property": {
            "language": "LionCore-builtins",
            "version": "2023.1",
            "key": "LionCore-builtins-INamed-name"
          },
          "value": "IWord"
        }
      ],
      "containments": [
        {
          "containment": {
            "language": "LionCore-M3",
            "version": "2023.1",
            "key": "Classifier-features"
          },
          "children": []
        }
      ],
      "references": [
        {
          "reference": {
            "language": "LionCore-M3",
            "version": "2023.1",
            "key": "Interface-extends"
          },
          "targets": []
        }
      ],
      "annotations": [],
      "parent": "OTJkMmVhMTYtNWE0Mi00ZmRmLWE2NzYtYzc2MDRlZmUzNTA0"
    }
  ]
}